// Jest Snapshot v1, https://goo.gl/fbAQLP

exports[`<CheckParkingForm /> component should render correctly 1`] = `
<form
  className="MuiBox-root MuiBox-root-2"
  data-name="form"
  id="form"
  name="form"
>
  <fieldset
    className="MuiBox-root MuiBox-root-6 makeStyles-root-5 makeStyles-borderNone-3"
  >
    <div
      autoCorrect="off"
      className="MuiFormControl-root MuiTextField-root"
    >
      <label
        className="MuiFormLabel-root MuiInputLabel-root MuiInputLabel-formControl MuiInputLabel-animated Mui-required Mui-required"
        data-shrink={false}
        htmlFor="car_plate"
        id="car_plate-label"
      >
        Placa do carro
        <span
          aria-hidden={true}
          className="MuiFormLabel-asterisk MuiInputLabel-asterisk"
        >
           
          *
        </span>
      </label>
      <div
        className="MuiInputBase-root MuiInput-root MuiInput-underline MuiInputBase-formControl MuiInput-formControl"
        onClick={[Function]}
      >
        <input
          aria-invalid={false}
          aria-required={true}
          autoCapitalize="characters"
          autoComplete="off"
          autoFocus={false}
          className="MuiInputBase-input MuiInput-input makeStyles-input-7 MuiInputBase-inputTypeSearch MuiInput-inputTypeSearch"
          data-name="car_plate"
          disabled={false}
          id="car_plate"
          inputMode="verbatim"
          maxLength={7}
          minLength={7}
          name="car_plate"
          onAnimationStart={[Function]}
          onBlur={[Function]}
          onChange={[Function]}
          onFocus={[Function]}
          pattern="[a-zA-Z]{3}[0-9]([a-zA-Z]|[0-9])[0-9]{2}"
          placeholder="Letras e números"
          required={true}
          type="search"
        />
      </div>
    </div>
    <button
      className="MuiButtonBase-root MuiButton-root MuiButton-contained"
      disabled={false}
      onBlur={[Function]}
      onDragLeave={[Function]}
      onFocus={[Function]}
      onKeyDown={[Function]}
      onKeyUp={[Function]}
      onMouseDown={[Function]}
      onMouseLeave={[Function]}
      onMouseUp={[Function]}
      onTouchEnd={[Function]}
      onTouchMove={[Function]}
      onTouchStart={[Function]}
      tabIndex={0}
      type="submit"
    >
      <span
        className="MuiButton-label"
      >
        Verificar
      </span>
    </button>
  </fieldset>
</form>
`;
