// Jest Snapshot v1, https://goo.gl/fbAQLP

exports[`Take car front photo step should render correctly 1`] = `
Array [
  <div
    className="MuiPaper-root MuiCard-root MuiPaper-elevation1 MuiPaper-rounded"
  >
    <div
      className="MuiCardContent-root"
    >
      Por favor, libere acesso à sua câmera
    </div>
    <div
      className="MuiCardActions-root MuiCardActions-spacing"
    >
      <button
        className="MuiButtonBase-root MuiButton-root MuiButton-text"
        disabled={false}
        onBlur={[Function]}
        onClick={[Function]}
        onDragLeave={[Function]}
        onFocus={[Function]}
        onKeyDown={[Function]}
        onKeyUp={[Function]}
        onMouseDown={[Function]}
        onMouseLeave={[Function]}
        onMouseUp={[Function]}
        onTouchEnd={[Function]}
        onTouchMove={[Function]}
        onTouchStart={[Function]}
        tabIndex={0}
        type="button"
      >
        <span
          className="MuiButton-label"
        >
          Usar câmera
        </span>
      </button>
    </div>
  </div>,
  <div
    style={
      Object {
        "position": "relative",
      }
    }
  >
    <video
      autoPlay={true}
      controls={false}
      controlsList="nodownload"
      disablePictureInPicture={true}
      muted={true}
      playsInline={true}
      style={
        Object {
          "height": "auto",
          "maxWidth": "100%",
        }
      }
    >
      <track />
    </video>
    <button
      className="MuiButtonBase-root MuiFab-root MuiFab-extended"
      disabled={false}
      onBlur={[Function]}
      onClick={[Function]}
      onDragLeave={[Function]}
      onFocus={[Function]}
      onKeyDown={[Function]}
      onKeyUp={[Function]}
      onMouseDown={[Function]}
      onMouseLeave={[Function]}
      onMouseUp={[Function]}
      onTouchEnd={[Function]}
      onTouchMove={[Function]}
      onTouchStart={[Function]}
      style={
        Object {
          "bottom": "0px",
          "left": "50%",
          "position": "absolute",
          "transform": "translate(-50%, 50%)",
        }
      }
      tabIndex={0}
      type="button"
    >
      <span
        className="MuiFab-label"
      >
        <svg
          aria-hidden={true}
          className="MuiSvgIcon-root"
          focusable="false"
          viewBox="0 0 24 24"
        >
          <circle
            cx="12"
            cy="12"
            r="3.2"
          />
          <path
            d="M9 2L7.17 4H4c-1.1 0-2 .9-2 2v12c0 1.1.9 2 2 2h16c1.1 0 2-.9 2-2V6c0-1.1-.9-2-2-2h-3.17L15 2H9zm3 15c-2.76 0-5-2.24-5-5s2.24-5 5-5 5 2.24 5 5-2.24 5-5 5z"
          />
        </svg>
         Tirar foto
      </span>
    </button>
  </div>,
  <span
    className="MuiSkeleton-root MuiSkeleton-rect MuiSkeleton-pulse"
    style={
      Object {
        "height": "auto",
        "maxWidth": "100%",
        "width": undefined,
      }
    }
  />,
  <canvas
    aria-label="Prévia da foto que você acabou de tirar"
    style={
      Object {
        "height": "auto",
        "maxWidth": "100%",
      }
    }
  />,
]
`;
